../Drivers/CMSIS/Include/core_cm4.h:1684:22:__NVIC_EnableIRQ	16	static,ignoring_inline_asm
../Drivers/CMSIS/Include/core_cm4.h:1814:22:__NVIC_SetPriority	16	static
../Core/Src/main.c:13:5:main	8	static
../Core/Src/main.c:21:6:FreeRTOS_init	16	static
../Core/Src/main.c:27:6:LEDTask	16	static
../Core/Src/main.c:38:6:EXTI_init	8	static
../Core/Src/main.c:65:6:EXTI15_10_IRQHandler	16	static,ignoring_inline_asm
../Core/Src/main.c:78:6:GPIO_toggle	8	static
../Core/Src/main.c:92:6:delay_ms	24	static,ignoring_inline_asm
